
> factory@0.1.0 build
> next build

node.exe : ΓÜá `images.domains` is deprecated in favor of 
`images.remotePatterns`. Please update next.config.ts to protect your 
application from malicious users.
At C:\Program Files\nodejs\npm.ps1:29 char:3
+   & $NODE_EXE $NPM_CLI_JS $args
+   ~~~~~~~~~~~~~~~~~~~~~~~~~~~~~
    + CategoryInfo          : NotSpecified: (ΓÜá `images.dom...alicious users. 
   :String) [], RemoteException
    + FullyQualifiedErrorId : NativeCommandError
 
Γû▓ Next.js 16.2.1 (Turbopack)
- Environments: .env.local

ΓÜá The "middleware" file convention is deprecated. Please use "proxy" 
instead. Learn more: https://nextjs.org/docs/messages/middleware-to-proxy
  Creating an optimized production build ...
Γ£ô Compiled successfully in 5.6s
  Running TypeScript ...
  Finished TypeScript in 5.5s ...
  Collecting page data using 11 workers ...
  Generating static pages using 11 workers (0/21) ...
  Generating static pages using 11 workers (5/21) 
  Generating static pages using 11 workers (10/21) 
  Generating static pages using 11 workers (15/21) 
Γ£ô Generating static pages using 11 workers (21/21) in 792ms
  Finalizing page optimization ...

Route (app)
Γöî Γùï /
Γö£ Γùï /_not-found
Γö£ ΓùÅ /account/[path]
Γöé Γö£ /account/settings
Γöé Γö£ /account/security
Γöé Γö£ /account/teams
Γöé Γöö [+2 more paths]
Γö£ ╞Æ /api/auth/[...path]
Γö£ ╞Æ /auth/[path]
Γö£ Γùï /dashboard
Γö£ Γùï /dashboard/api-keys
Γö£ Γùï /dashboard/settings
Γö£ Γùï /dashboard/support
Γö£ Γùï /docs/integration
Γö£ Γùï /features/document-watermark
Γö£ Γùï /features/id-verification
Γö£ Γùï /features/refund-verification
Γö£ Γùï /features/review-scoring
Γö£ Γùï /login
Γö£ Γùï /profile-setup
Γöö Γùï /signup


╞Æ Proxy (Middleware)

Γùï  (Static)   prerendered as static content
ΓùÅ  (SSG)      prerendered as static HTML (uses generateStaticParams)
╞Æ  (Dynamic)  server-rendered on demand

